src/pages/Dashboard.tsx(94,29): error TS2339: Property 'todo' does not exist on type 'number'.
src/pages/Dashboard.tsx(95,35): error TS2339: Property 'inProgress' does not exist on type 'number'.
src/pages/Dashboard.tsx(96,29): error TS2339: Property 'done' does not exist on type 'number'.
src/routes/AppRoutes.tsx(9,7): error TS6133: 'Login' is declared but its value is never read.
src/routes/AppRoutes.tsx(10,7): error TS6133: 'Register' is declared but its value is never read.
src/routes/PrivateRoute.tsx(2,10): error TS6133: 'Navigate' is declared but its value is never read.
src/services/mock.service.ts(76,27): error TS6133: 'groupId' is declared but its value is never read.
